
   FastAPI   Starting development server 🚀
 
             Searching for package file structure from directories with __init__.py files
<configparser.ConfigParser object at 0x7293ed247890>
Connection client: postgresql://example:exmaple@localhost:5433/semd_db
             Importing from /home/semd/Desktop/SEMD-backend
 
    module   🐍 main.py
 
      code   Importing the FastAPI app object from the module with the following code:
 
             from main import app
 
       app   Using import string: main:app
 
    server   Server started at http://127.0.0.1:8000
    server   Documentation at http://127.0.0.1:8000/docs
 
       tip   Running in development mode, for production use: fastapi run
 
             Logs:
 
      INFO   Will watch for changes in these directories: ['/home/semd/Desktop/SEMD-backend']
      INFO   Uvicorn running on http://127.0.0.1:8000 (Press CTRL+C to quit)
      INFO   Started reloader process [1790142] using WatchFiles
<configparser.ConfigParser object at 0x76188fa13350>
Connection client: postgresql://example:exmaple@localhost:5433/semd_db
      INFO   Started server process [1790150]
      INFO   Waiting for application startup.
      INFO   Application startup complete.

      INFO   Shutting down
      INFO   Waiting for application shutdown.
      INFO   Application shutdown complete.
      INFO   Finished server process [1790150]
      INFO   Stopping reloader process [1790142]

